// Jest Snapshot v1, https://goo.gl/fbAQLP

exports[`renders Total component 1`] = `
<DocumentFragment>
  <div
    class="sort-bar"
  >
    <button>
      Sort by Name
    </button>
    <button>
      Sort by Priority
    </button>
  </div>
</DocumentFragment>
`;
