// Jest Snapshot v1, https://goo.gl/fbAQLP

exports[`renders profile 1`] = `
<DocumentFragment>
  <div
    class="total"
  >
    <div>
      Total Tasks: 1
    </div>
    <div>
      Tasks Completed: 0
    </div>
  </div>
</DocumentFragment>
`;
